GLIBC_2.0 {
  global:
	__moddi3;
	__divdi3;
	__umoddi3;
	__udivdi3;

	*;
};
GCC_3.0 {
  global:
	__subvdi3;
	__cmpdi2;
	__lesf2;
	__fixunssfdi;
	__fixunsdfsi;
	__floatdidf;
	__subdf3;
	_Unwind_ForcedUnwind;
	__ffsdi2;
	__udivsi3;
	__ashrdi3;
	__divdf3;
	__addsf3;
	_Unwind_GetDataRelBase;
	_Unwind_GetTextRelBase;
	__addvdi3;
	__muldf3;
	__negdf2;
	__negvdi2;
	__extendsfdf2;
	__muldi3;
	__negdi2;
	__mulvdi3;
	__nesf2;
	__udivmoddi4;
	__gtsf2;
	__fixsfdi;
	__clear_cache;
	__truncdfsf2;
	__gesf2;
	__subvsi3;
	__fixdfdi;
	__modsi3;
	_Unwind_DeleteException;
	_Unwind_RaiseException;
	__fixunssfsi;
	__eqdf2;
	__absvdi2;
	__floatsidf;
	__subsf3;
	__ltdf2;
	__fixsfsi;
	__floatdisf;
	__divsf3;
	__lshrdi3;
	__divsi3;
	__ucmpdi2;
	__addvsi3;
	__mulsf3;
	__negsf2;
	__ledf2;
	__fixdfsi;
	__fixunsdfdi;
	__negvsi2;
	_Unwind_GetLanguageSpecificData;
	__mulvsi3;
	__adddf3;
	__ashldi3;
	_Unwind_GetRegionStart;
	__nedf2;
	__eqsf2;
	__absvsi2;
	__gtdf2;
	__ltsf2;
	_Unwind_Resume;
	__floatsisf;
	__umodsi3;
	__gedf2;
} GLIBC_2.0;
GCC_3.3 {
  global:
	_Unwind_Resume_or_Rethrow;
	_Unwind_GetCFA;
} GCC_3.0;
GCC_3.3.1 {
  global:
	__gcc_personality_v0;
} GCC_3.3;
GCC_3.3.4 {
  global:
	__unorddf2;
	__unordsf2;
} GCC_3.3.1;
GCC_3.4 {
  global:
	__popcountsi2;
	__popcountdi2;
	__paritysi2;
	__ctzdi2;
	__clzdi2;
	__paritydi2;
	__ctzsi2;
	__clzsi2;
} GCC_3.3.4;
GCC_3.5 {
  global:
	__aeabi_fdiv;
	__aeabi_unwind_cpp_pr2;
	__aeabi_unwind_cpp_pr1;
	__aeabi_unwind_cpp_pr0;
	__aeabi_dmul;
	__aeabi_lcmp;
	__aeabi_idiv;
	__aeabi_fmul;
	_Unwind_VRS_Set;
	__aeabi_llsr;
	__aeabi_d2ulz;
	__aeabi_ulcmp;
	__aeabi_llsl;
	__aeabi_f2ulz;
	__aeabi_fcmplt;
	__aeabi_dcmplt;
	__aeabi_ul2f;
	__aeabi_ul2d;
	__aeabi_uidiv;
	__aeabi_dadd;
	__aeabi_drsub;
	__aeabi_frsub;
	__aeabi_cfrcmple;
	__aeabi_cdrcmple;
	__aeabi_cfcmple;
	__aeabi_cdcmple;
	__aeabi_fcmple;
	__aeabi_dcmple;
	__aeabi_fadd;
	__aeabi_dneg;
	__aeabi_i2f;
	__aeabi_i2d;
	_Unwind_Complete;
	__aeabi_lmul;
	__gnu_unwind_frame;
	__aeabi_fneg;
	__aeabi_idiv0;
	__aeabi_ldiv0;
	__aeabi_uwrite8;
	__aeabi_uwrite4;
	__aeabi_d2lz;
	__aeabi_f2lz;
	__aeabi_uread8;
	__aeabi_uread4;
	__aeabi_uldivmod;
	__aeabi_uidivmod;
	__aeabi_l2f;
	__aeabi_ldivmod;
	__aeabi_idivmod;
	__aeabi_l2d;
	__aeabi_d2f;
	__aeabi_fcmpun;
	__aeabi_dcmpun;
	__aeabi_d2uiz;
	__aeabi_f2uiz;
	_Unwind_VRS_Get;
	__aeabi_fcmpgt;
	__aeabi_dcmpgt;
	__aeabi_cfcmpeq;
	__aeabi_cdcmpeq;
	__aeabi_fcmpeq;
	__aeabi_dcmpeq;
	_Unwind_VRS_Pop;
	__aeabi_fcmpge;
	__aeabi_dcmpge;
	__aeabi_lasr;
	__aeabi_ui2f;
	__aeabi_dsub;
	__aeabi_ui2d;
	__aeabi_fsub;
	__aeabi_d2iz;
	__aeabi_f2d;
	__aeabi_f2iz;
	__aeabi_ddiv;

	*;
};
GCC_3.4.2 {
  global:
	__enable_execute_stack;
} GCC_3.4;
GCC_4.0.0 {
  global:
	__divdc3;
	__muldc3;
	__powisf2;
	__divsc3;
	__mulsc3;
	__powidf2;
} GCC_3.4.2;
GCC_4.2.0 {
  global:
	__floatundidf;
	__floatunsidf;
	__floatundisf;
	__floatunsisf;
} GCC_4.0.0;
GCC_4.3.0 {
  global:
	__emutls_register_common;
	__bswapsi2;
	__emutls_get_address;
	__ffssi2;
	_Unwind_Backtrace;
	__bswapdi2;
} GCC_4.2.0;
